run      : sc4
strategies: 1  cells/strategy: 8  jobs: 8  already done: 0
workers  : 4  max-bars/cell: 250000
log      : /home/alca/projects/PubBTQuant/.daedalus/sweeps/sc4/sweep.log


               ...                            


               ...                            
             ;::::;                           
               ...                            
               ...                            
             ;::::;                           
           ;::::; :;                          
             ;::::;                           
             ;::::;                           
           ;::::; :;                          
         ;:::::'   :;                         
           ;::::; :;                          
           ;::::; :;                          
         ;:::::'   :;                         
        ;:::::;     ;.                        
         ;:::::'   :;                         
         ;:::::'   :;                         
        ;:::::;     ;.                        
       ,:::::'       ;           OOa         
        ;:::::;     ;.                        
        ;:::::;     ;.                        
       ,:::::'       ;           OOa         
       ::::::;       ;          OOOOL        
       ,:::::'       ;           OOa         
       ,:::::'       ;           OOa         
       ::::::;       ;          OOOOL        
       ;:::::;       ;         OOOOOOcO       
       ::::::;       ;          OOOOL        
       ::::::;       ;          OOOOL        
       ;:::::;       ;         OOOOOOcO       
      ,;::::::;     ;'         / OOOOOaO      
       ;:::::;       ;         OOOOOOcO       
       ;:::::;       ;         OOOOOOcO       
      ,;::::::;     ;'         / OOOOOaO      
    ;:::::::::`. ,,,;.        /  / DOOOWOO    
      ,;::::::;     ;'         / OOOOOaO      
      ,;::::::;     ;'         / OOOOOaO      
    ;:::::::::`. ,,,;.        /  / DOOOWOO    
  .';:::::::::::::::::;,     /  /     OOAOO   
    ;:::::::::`. ,,,;.        /  / DOOOWOO    
    ;:::::::::`. ,,,;.        /  / DOOOWOO    
  .';:::::::::::::::::;,     /  /     OOAOO   
 ,::::::;::::::;;;;::::;,   /  /        OSOO  
  .';:::::::::::::::::;,     /  /     OOAOO   
  .';:::::::::::::::::;,     /  /     OOAOO   
 ,::::::;::::::;;;;::::;,   /  /        OSOO  
;`::::::`'::::::;;;::::: ,#/  /          DHOO 
 ,::::::;::::::;;;;::::;,   /  /        OSOO  
 ,::::::;::::::;;;;::::;,   /  /        OSOO  
;`::::::`'::::::;;;::::: ,#/  /          DHOO 
:`:::::::`;::::::;;::: ;::#  /            DEOO
;`::::::`'::::::;;;::::: ,#/  /          DHOO 
;`::::::`'::::::;;;::::: ,#/  /          DHOO 
:`:::::::`;::::::;;::: ;::#  /            DEOO
::`:::::::`;:::::::: ;::::# /              ORO
:`:::::::`;::::::;;::: ;::#  /            DEOO
:`:::::::`;::::::;;::: ;::#  /            DEOO
::`:::::::`;:::::::: ;::::# /              ORO
`:`:::::::`;:::::: ;::::::#/               DOE
::`:::::::`;:::::::: ;::::# /              ORO
::`:::::::`;:::::::: ;::::# /              ORO
`:`:::::::`;:::::: ;::::::#/               DOE
 :::`:::::::`;; ;:::::::::##                OO
`:`:::::::`;:::::: ;::::::#/               DOE
`:`:::::::`;:::::: ;::::::#/               DOE
 :::`:::::::`;; ;:::::::::##                OO
 ::::`:::::::`;::::::::;:::#                OO
 :::`:::::::`;; ;:::::::::##                OO
 :::`:::::::`;; ;:::::::::##                OO
 ::::`:::::::`;::::::::;:::#                OO
 `:::::`::::::::::::;'`:;::#                O 
 ::::`:::::::`;::::::::;:::#                OO
 ::::`:::::::`;::::::::;:::#                OO
 `:::::`::::::::::::;'`:;::#                O 
  `:::::`::::::::;' /  / `:#                  
 `:::::`::::::::::::;'`:;::#                O 
 `:::::`::::::::::::;'`:;::#                O 
  `:::::`::::::::;' /  / `:#                  
   ::::::`:::::;'  /  /   `#              
  `:::::`::::::::;' /  / `:#                  
  `:::::`::::::::;' /  / `:#                  
   ::::::`:::::;'  /  /   `#              

I   ::::::`:::::;'  /  /   `#              
   ::::::`:::::;'  /  /   `#              

If
Y
Yt oo yuuwo raud s isnndt’enrte’a dtta  e hgg‘oeyfpt le ia,lss inhtq’ hutcei r dsataysrtshaet’dde,e m  iaiintts i  acwa ,alf srri eetyaa’odksuy  r mj douIevsQaet d, s. iy

ymnopcuri onsvgpi eswnaittt ihwo enyeaoklus r s aebrlarfla-anhngacirenm g i fnto hrre e yapoleu rrtf ienmceett.  

awnogrlteh .o

f impact.

2026-09-27 09:12:55,895 - autonomous_agency.backtester - WARNING - Benchmark data not available
2026-09-27 09:12:56,571 - autonomous_agency.backtester - WARNING - Benchmark data not available
2026-09-27 09:12:56,624 - autonomous_agency.backtester - WARNING - Benchmark data not available
2026-09-27 09:12:56,806 - autonomous_agency.backtester - WARNING - Benchmark data not available
2026-09-27 09:13:42,611 - autonomous_agency.backtester - WARNING - Benchmark data not available
2026-09-27 09:13:43,387 - autonomous_agency.backtester - WARNING - Benchmark data not available
2026-09-27 09:13:43,875 - autonomous_agency.backtester - WARNING - Benchmark data not available
2026-09-27 09:13:44,305 - autonomous_agency.backtester - WARNING - Benchmark data not available
  8/8  4.9 jobs/min  eta 0 min  elapsed 1.6 min

=== sweep ===
cells ok=0 empty=8 error=0 nodata=0 badfile=0
cpu time in backtests: 0.10 h

reports in /home/alca/projects/PubBTQuant/.daedalus/sweeps/sc4
