run      : w12
strategies: 1  cells/strategy: 12  jobs: 11  already done: 0
workers  : 12  max-bars/cell: 250000
log      : /home/alca/projects/PubBTQuant/.daedalus/sweeps/w12/sweep.log

               ...                            
             ;::::;                           

           ;::::; :;                          
               ...                            
         ;:::::'   :;                         

             ;::::;                           
        ;:::::;     ;.                        
               ...                            

           ;::::; :;                          
       ,:::::'       ;           OOa         
             ;::::;                           
               ...                            
         ;:::::'   :;                         
       ::::::;       ;          OOOOL        

           ;::::; :;                          
             ;::::;                           
        ;:::::;     ;.                        
       ;:::::;       ;         OOOOOOcO       
               ...                            
         ;:::::'   :;                         
           ;::::; :;                          


       ,:::::'       ;           OOa         
      ,;::::::;     ;'         / OOOOOaO      
             ;::::;                           
        ;:::::;     ;.                        
         ;:::::'   :;                         
               ...                            
               ...                            
       ::::::;       ;          OOOOL        
    ;:::::::::`. ,,,;.        /  / DOOOWOO    
           ;::::; :;                          
       ,:::::'       ;           OOa         
        ;:::::;     ;.                        
             ;::::;                           
             ;::::;                           
       ;:::::;       ;         OOOOOOcO       
  .';:::::::::::::::::;,     /  /     OOAOO   
         ;:::::'   :;                         
       ::::::;       ;          OOOOL        
       ,:::::'       ;           OOa         
           ;::::; :;                          
           ;::::; :;                          
      ,;::::::;     ;'         / OOOOOaO      
 ,::::::;::::::;;;;::::;,   /  /        OSOO  
        ;:::::;     ;.                        
       ;:::::;       ;         OOOOOOcO       
       ::::::;       ;          OOOOL        
         ;:::::'   :;                         
         ;:::::'   :;                         
    ;:::::::::`. ,,,;.        /  / DOOOWOO    
;`::::::`'::::::;;;::::: ,#/  /          DHOO 
       ,:::::'       ;           OOa         

      ,;::::::;     ;'         / OOOOOaO      
       ;:::::;       ;         OOOOOOcO       
        ;:::::;     ;.                        
        ;:::::;     ;.                        
  .';:::::::::::::::::;,     /  /     OOAOO   
:`:::::::`;::::::;;::: ;::#  /            DEOO
       ::::::;       ;          OOOOL        
               ...                            
    ;:::::::::`. ,,,;.        /  / DOOOWOO    
      ,;::::::;     ;'         / OOOOOaO      
       ,:::::'       ;           OOa         
       ,:::::'       ;           OOa         

 ,::::::;::::::;;;;::::;,   /  /        OSOO  
::`:::::::`;:::::::: ;::::# /              ORO
       ;:::::;       ;         OOOOOOcO       
             ;::::;                           
  .';:::::::::::::::::;,     /  /     OOAOO   
    ;:::::::::`. ,,,;.        /  / DOOOWOO    
       ::::::;       ;          OOOOL        
       ::::::;       ;          OOOOL        
               ...                            
;`::::::`'::::::;;;::::: ,#/  /          DHOO 
`:`:::::::`;:::::: ;::::::#/               DOE
      ,;::::::;     ;'         / OOOOOaO      
           ;::::; :;                          
 ,::::::;::::::;;;;::::;,   /  /        OSOO  
  .';:::::::::::::::::;,     /  /     OOAOO   
       ;:::::;       ;         OOOOOOcO       


       ;:::::;       ;         OOOOOOcO       
             ;::::;                           
:`:::::::`;::::::;;::: ;::#  /            DEOO
 :::`:::::::`;; ;:::::::::##                OO
    ;:::::::::`. ,,,;.        /  / DOOOWOO    
         ;:::::'   :;                         
;`::::::`'::::::;;;::::: ,#/  /          DHOO 
 ,::::::;::::::;;;;::::;,   /  /        OSOO  
      ,;::::::;     ;'         / OOOOOaO      
               ...                            
               ...                            
      ,;::::::;     ;'         / OOOOOaO      
           ;::::; :;                          
::`:::::::`;:::::::: ;::::# /              ORO
 ::::`:::::::`;::::::::;:::#                OO
  .';:::::::::::::::::;,     /  /     OOAOO   
        ;:::::;     ;.                        
:`:::::::`;::::::;;::: ;::#  /            DEOO
;`::::::`'::::::;;;::::: ,#/  /          DHOO 
    ;:::::::::`. ,,,;.        /  / DOOOWOO    
             ;::::;                           
             ;::::;                           
    ;:::::::::`. ,,,;.        /  / DOOOWOO    
         ;:::::'   :;                         
`:`:::::::`;:::::: ;::::::#/               DOE
 `:::::`::::::::::::;'`:;::#                O 
 ,::::::;::::::;;;;::::;,   /  /        OSOO  
       ,:::::'       ;           OOa         
::`:::::::`;:::::::: ;::::# /              ORO
:`:::::::`;::::::;;::: ;::#  /            DEOO
  .';:::::::::::::::::;,     /  /     OOAOO   
           ;::::; :;                          
           ;::::; :;                          
  .';:::::::::::::::::;,     /  /     OOAOO   
        ;:::::;     ;.                        
 :::`:::::::`;; ;:::::::::##                OO
  `:::::`::::::::;' /  / `:#                  
;`::::::`'::::::;;;::::: ,#/  /          DHOO 
       ::::::;       ;          OOOOL        
`:`:::::::`;:::::: ;::::::#/               DOE
::`:::::::`;:::::::: ;::::# /              ORO
 ,::::::;::::::;;;;::::;,   /  /        OSOO  
         ;:::::'   :;                         
         ;:::::'   :;                         
 ,::::::;::::::;;;;::::;,   /  /        OSOO  
       ,:::::'       ;           OOa         
 ::::`:::::::`;::::::::;:::#                OO
   ::::::`:::::;'  /  /   `#              
:`:::::::`;::::::;;::: ;::#  /            DEOO
       ;:::::;       ;         OOOOOOcO       
 :::`:::::::`;; ;:::::::::##                OO
`:`:::::::`;:::::: ;::::::#/               DOE
;`::::::`'::::::;;;::::: ,#/  /          DHOO 
        ;:::::;     ;.                        
        ;:::::;     ;.                        
;`::::::`'::::::;;;::::: ,#/  /          DHOO 
       ::::::;       ;          OOOOL        
 `:::::`::::::::::::;'`:;::#                O 

Y::`:::::::`;:::::::: ;::::# /              ORO
      ,;::::::;     ;'         / OOOOOaO      
 ::::`:::::::`;::::::::;:::#                OO
 :::`:::::::`;; ;:::::::::##                OO
:`:::::::`;::::::;;::: ;::#  /            DEOO
       ,:::::'       ;           OOa         
       ,:::::'       ;           OOa         
o:`:::::::`;::::::;;::: ;::#  /            DEOO
       ;:::::;       ;         OOOOOOcO       
  `:::::`::::::::;' /  / `:#                  
`:`:::::::`;:::::: ;::::::#/               DOE
    ;:::::::::`. ,,,;.        /  / DOOOWOO    
 `:::::`::::::::::::;'`:;::#                O 
 ::::`:::::::`;::::::::;:::#                OO
::`:::::::`;:::::::: ;::::# /              ORO
u       ::::::;       ;          OOOOL        
       ::::::;       ;          OOOOL        
::`:::::::`;:::::::: ;::::# /              ORO
      ,;::::::;     ;'         / OOOOOaO      
   ::::::`:::::;'  /  /   `#              
 :::`:::::::`;; ;:::::::::##                OO
   .';:::::::::::::::::;,     /  /     OOAOO   
  `:::::`::::::::;' /  / `:#                  
 `:::::`::::::::::::;'`:;::#                O 
`:`:::::::`;:::::: ;::::::#/               DOE
       ;:::::;       ;         OOOOOOcO       
       ;:::::;       ;         OOOOOOcO       
`:`:::::::`;:::::: ;::::::#/               DOE
    ;:::::::::`. ,,,;.        /  / DOOOWOO    

Yd ::::`:::::::`;::::::::;:::#                OO
 ,::::::;::::::;;;;::::;,   /  /        OSOO  
   ::::::`:::::;'  /  /   `#              
  `:::::`::::::::;' /  / `:#                  
 :::`:::::::`;; ;:::::::::##                OO
      ,;::::::;     ;'         / OOOOOaO      
      ,;::::::;     ;'         / OOOOOaO      
oi :::`:::::::`;; ;:::::::::##                OO
  .';:::::::::::::::::;,     /  /     OOAOO   
 `:::::`::::::::::::;'`:;::#                O 
;`::::::`'::::::;;;::::: ,#/  /          DHOO 

M   ::::::`:::::;'  /  /   `#              
u ::::`:::::::`;::::::::;:::#                OO
d    ;:::::::::`. ,,,;.        /  / DOOOWOO    
    ;:::::::::`. ,,,;.        /  / DOOOWOO    
 ::::`:::::::`;::::::::;:::#                OO
 ,::::::;::::::;;;;::::;,   /  /        OSOO  
o  `:::::`::::::::;' /  / `:#                  
rn:`:::::::`;::::::;;::: ;::#  /            DEOO

M `:::::`::::::::::::;'`:;::#                O 
  .';:::::::::::::::::;,     /  /     OOAOO   
  .';:::::::::::::::::;,     /  /     OOAOO   
r `:::::`::::::::::::;'`:;::#                O 
;`::::::`'::::::;;;::::: ,#/  /          DHOO 
 ’i   ::::::`:::::;'  /  /   `#              
::`:::::::`;:::::::: ;::::# /              ORO
  `:::::`::::::::;' /  / `:#                  
e ,::::::;::::::;;;;::::;,   /  /        OSOO  
 ,::::::;::::::;;;;::::;,   /  /        OSOO  
et  `:::::`::::::::;' /  / `:#                  
n:`:::::::`;::::::;;::: ;::#  /            DEOO

H`:`:::::::`;:::::: ;::::::#/               DOE
 d   ::::::`:::::;'  /  /   `#              
 d;`::::::`'::::::;;;::::: ,#/  /          DHOO 
;`::::::`'::::::;;;::::: ,#/  /          DHOO 
   ::::::`:::::;'  /  /   `#              
O::`:::::::`;:::::::: ;::::# /              ORO
mgo :::`:::::::`;; ;:::::::::##                OO
s
TD:`:::::::`;::::::;;::: ;::#  /            DEOO
:`:::::::`;::::::;;::: ;::#  /            DEOO
o
Y`:`:::::::`;:::::: ;::::::#/               DOE
eveh ::::`:::::::`;::::::::;:::#                OO
Lno::`:::::::`;:::::::: ;::::# /              ORO
::`:::::::`;:::::::: ;::::# /              ORO
 et :::`:::::::`;; ;:::::::::##                OO
e  `:::::`::::::::::::;'`:;::#                O 
iuir `:`:::::::`;:::::: ;::::::#/               DOE
`:`:::::::`;:::::: ;::::::#/               DOE
ri ::::`:::::::`;::::::::;:::#                OO
t s-  `:::::`::::::::;' /  / `:#                  
>es :::`:::::::`;; ;:::::::::##                OO
 :::`:::::::`;; ;:::::::::##                OO
od `:::::`::::::::::::;'`:;::#                O 
 o     ::::::`:::::;'  /  /   `#              
 ri ::::`:::::::`;::::::::;:::#                OO
 ::::`:::::::`;::::::::;:::#                OO
rpe  `:::::`::::::::;' /  / `:#                  
ia
Ssditn `:::::`::::::::::::;'`:;::#                O 
 `:::::`::::::::::::;'`:;::#                O 
s    ::::::`:::::;'  /  /   `#              
u nsit s  `:::::`::::::::;' /  / `:#                  
  `:::::`::::::::;' /  / `:#                  
rw’
Ykmrntvoto   ::::::`:::::;'  /  /   `#              
   ::::::`:::::;'  /  /   `#              
 iyorin umz.
Y
I av’o ae ofrtetvdn,Eu oe  eia vrycgffrdgye okyii-neoneu .rxo’mu d b s pte agnoItbt ns eett,ailtug et’ dmo,roidosf is gos m ldzenid h,jeie oc ro uxs,dtasipos c i lesentliystltk,l apochyu  yntluie pmt oei p r ahwtrnslmecneh .euiamaa aa .rngongttlS

geiv’erewci,cetmavarc  d edeyeayi fnerselonait   nludnx,iy*sy iy  soyh nc  tnuooreaciaorutevthllt rsmeoatr b* orrn.etr av  c

ahosrehpedektedaa y er  dct mraoa khda tpna eegaetynv ailgi y4sdclyo—ct.2 o.njhr

.iw

aua

anslsntd ,tceia  egcssh ya oot tmlphhoiveearne  d inws pmcettauyarocmr a k iitm snseavug gr4r nyg2vao i.i thn

vh.a.ee

d

 a ldtisove ets .uc

rovnidviet iloinvse. 

conditions.

2026-09-27 09:19:14,547 - autonomous_agency.backtester - WARNING - Benchmark data not available
2026-09-27 09:19:14,790 - autonomous_agency.backtester - WARNING - Benchmark data not available
2026-09-27 09:19:15,908 - autonomous_agency.backtester - WARNING - Benchmark data not available
2026-09-27 09:19:16,810 - autonomous_agency.backtester - WARNING - Benchmark data not available
2026-09-27 09:19:16,926 - autonomous_agency.backtester - WARNING - Benchmark data not available
2026-09-27 09:19:16,936 - autonomous_agency.backtester - WARNING - Benchmark data not available
2026-09-27 09:19:16,955 - autonomous_agency.backtester - WARNING - Benchmark data not available
2026-09-27 09:19:16,982 - autonomous_agency.backtester - WARNING - Benchmark data not available
2026-09-27 09:19:16,989 - autonomous_agency.backtester - WARNING - Benchmark data not available
2026-09-27 09:19:17,086 - autonomous_agency.backtester - WARNING - Benchmark data not available
2026-09-27 09:19:17,650 - autonomous_agency.backtester - WARNING - Benchmark data not available
  11/11  8.6 jobs/min  eta 0 min  elapsed 1.3 min

=== sweep ===
cells ok=0 empty=11 error=0 nodata=0 badfile=0
cpu time in backtests: 0.20 h

reports in /home/alca/projects/PubBTQuant/.daedalus/sweeps/w12
