run      : w14
strategies: 1  cells/strategy: 12  jobs: 11  already done: 0
workers  : 14  max-bars/cell: 250000
log      : /home/alca/projects/PubBTQuant/.daedalus/sweeps/w14/sweep.log


               ...                            

               ...                            
             ;::::;                           
               ...                            
             ;::::;                           
           ;::::; :;                          

             ;::::;                           
           ;::::; :;                          
         ;:::::'   :;                         
               ...                            
           ;::::; :;                          
         ;:::::'   :;                         
        ;:::::;     ;.                        
             ;::::;                           
         ;:::::'   :;                         
        ;:::::;     ;.                        

       ,:::::'       ;           OOa         
           ;::::; :;                          
        ;:::::;     ;.                        
       ,:::::'       ;           OOa         
               ...                            
       ::::::;       ;          OOOOL        
         ;:::::'   :;                         
       ,:::::'       ;           OOa         
       ::::::;       ;          OOOOL        


             ;::::;                           
       ;:::::;       ;         OOOOOOcO       
        ;:::::;     ;.                        
       ::::::;       ;          OOOOL        
       ;:::::;       ;         OOOOOOcO       

               ...                            
               ...                            
           ;::::; :;                          
      ,;::::::;     ;'         / OOOOOaO      
       ,:::::'       ;           OOa         

       ;:::::;       ;         OOOOOOcO       
      ,;::::::;     ;'         / OOOOOaO      
               ...                            
             ;::::;                           
             ;::::;                           
         ;:::::'   :;                         
    ;:::::::::`. ,,,;.        /  / DOOOWOO    
       ::::::;       ;          OOOOL        
               ...                            

      ,;::::::;     ;'         / OOOOOaO      
    ;:::::::::`. ,,,;.        /  / DOOOWOO    
             ;::::;                           
           ;::::; :;                          
           ;::::; :;                          
        ;:::::;     ;.                        
  .';:::::::::::::::::;,     /  /     OOAOO   
       ;:::::;       ;         OOOOOOcO       
             ;::::;                           
               ...                            
    ;:::::::::`. ,,,;.        /  / DOOOWOO    
  .';:::::::::::::::::;,     /  /     OOAOO   
           ;::::; :;                          
         ;:::::'   :;                         
         ;:::::'   :;                         
       ,:::::'       ;           OOa         
 ,::::::;::::::;;;;::::;,   /  /        OSOO  
      ,;::::::;     ;'         / OOOOOaO      
           ;::::; :;                          
             ;::::;                           

  .';:::::::::::::::::;,     /  /     OOAOO   
 ,::::::;::::::;;;;::::;,   /  /        OSOO  
         ;:::::'   :;                         
        ;:::::;     ;.                        
        ;:::::;     ;.                        
       ::::::;       ;          OOOOL        
;`::::::`'::::::;;;::::: ,#/  /          DHOO 
    ;:::::::::`. ,,,;.        /  / DOOOWOO    
         ;:::::'   :;                         
           ;::::; :;                          
               ...                            
 ,::::::;::::::;;;;::::;,   /  /        OSOO  
;`::::::`'::::::;;;::::: ,#/  /          DHOO 
        ;:::::;     ;.                        
       ,:::::'       ;           OOa         
       ,:::::'       ;           OOa         
       ;:::::;       ;         OOOOOOcO       
:`:::::::`;::::::;;::: ;::#  /            DEOO
  .';:::::::::::::::::;,     /  /     OOAOO   
        ;:::::;     ;.                        
         ;:::::'   :;                         
             ;::::;                           
;`::::::`'::::::;;;::::: ,#/  /          DHOO 
:`:::::::`;::::::;;::: ;::#  /            DEOO
       ,:::::'       ;           OOa         
       ::::::;       ;          OOOOL        
       ::::::;       ;          OOOOL        
      ,;::::::;     ;'         / OOOOOaO      
::`:::::::`;:::::::: ;::::# /              ORO
 ,::::::;::::::;;;;::::;,   /  /        OSOO  
       ,:::::'       ;           OOa         
        ;:::::;     ;.                        
           ;::::; :;                          
:`:::::::`;::::::;;::: ;::#  /            DEOO
::`:::::::`;:::::::: ;::::# /              ORO
       ::::::;       ;          OOOOL        
       ;:::::;       ;         OOOOOOcO       
       ;:::::;       ;         OOOOOOcO       
    ;:::::::::`. ,,,;.        /  / DOOOWOO    
`:`:::::::`;:::::: ;::::::#/               DOE
       ::::::;       ;          OOOOL        
;`::::::`'::::::;;;::::: ,#/  /          DHOO 
       ,:::::'       ;           OOa         
         ;:::::'   :;                         
::`:::::::`;:::::::: ;::::# /              ORO
`:`:::::::`;:::::: ;::::::#/               DOE
       ;:::::;       ;         OOOOOOcO       
      ,;::::::;     ;'         / OOOOOaO      
      ,;::::::;     ;'         / OOOOOaO      
  .';:::::::::::::::::;,     /  /     OOAOO   
 :::`:::::::`;; ;:::::::::##                OO
:`:::::::`;::::::;;::: ;::#  /            DEOO
       ;:::::;       ;         OOOOOOcO       
       ::::::;       ;          OOOOL        
        ;:::::;     ;.                        
`:`:::::::`;:::::: ;::::::#/               DOE
 :::`:::::::`;; ;:::::::::##                OO
      ,;::::::;     ;'         / OOOOOaO      
    ;:::::::::`. ,,,;.        /  / DOOOWOO    
    ;:::::::::`. ,,,;.        /  / DOOOWOO    
 ,::::::;::::::;;;;::::;,   /  /        OSOO  
 ::::`:::::::`;::::::::;:::#                OO
::`:::::::`;:::::::: ;::::# /              ORO
      ,;::::::;     ;'         / OOOOOaO      
       ;:::::;       ;         OOOOOOcO       
       ,:::::'       ;           OOa         
 :::`:::::::`;; ;:::::::::##                OO
 ::::`:::::::`;::::::::;:::#                OO
    ;:::::::::`. ,,,;.        /  / DOOOWOO    
  .';:::::::::::::::::;,     /  /     OOAOO   
  .';:::::::::::::::::;,     /  /     OOAOO   
;`::::::`'::::::;;;::::: ,#/  /          DHOO 
 `:::::`::::::::::::;'`:;::#                O 
`:`:::::::`;:::::: ;::::::#/               DOE
    ;:::::::::`. ,,,;.        /  / DOOOWOO    
      ,;::::::;     ;'         / OOOOOaO      
       ::::::;       ;          OOOOL        
 ::::`:::::::`;::::::::;:::#                OO
 `:::::`::::::::::::;'`:;::#                O 
  .';:::::::::::::::::;,     /  /     OOAOO   
 ,::::::;::::::;;;;::::;,   /  /        OSOO  
 ,::::::;::::::;;;;::::;,   /  /        OSOO  
:`:::::::`;::::::;;::: ;::#  /            DEOO
  `:::::`::::::::;' /  / `:#                  
 :::`:::::::`;; ;:::::::::##                OO
  .';:::::::::::::::::;,     /  /     OOAOO   
    ;:::::::::`. ,,,;.        /  / DOOOWOO    
       ;:::::;       ;         OOOOOOcO       
 `:::::`::::::::::::;'`:;::#                O 
  `:::::`::::::::;' /  / `:#                  
 ,::::::;::::::;;;;::::;,   /  /        OSOO  
;`::::::`'::::::;;;::::: ,#/  /          DHOO 
;`::::::`'::::::;;;::::: ,#/  /          DHOO 
::`:::::::`;:::::::: ;::::# /              ORO
   ::::::`:::::;'  /  /   `#              
 ::::`:::::::`;::::::::;:::#                OO
 ,::::::;::::::;;;;::::;,   /  /        OSOO  
  .';:::::::::::::::::;,     /  /     OOAOO   
      ,;::::::;     ;'         / OOOOOaO      
  `:::::`::::::::;' /  / `:#                  
   ::::::`:::::;'  /  /   `#              
;`::::::`'::::::;;;::::: ,#/  /          DHOO 
:`:::::::`;::::::;;::: ;::#  /            DEOO
:`:::::::`;::::::;;::: ;::#  /            DEOO
`:`:::::::`;:::::: ;::::::#/               DOE

Y `:::::`::::::::::::;'`:;::#                O 
;`::::::`'::::::;;;::::: ,#/  /          DHOO 
 ,::::::;::::::;;;;::::;,   /  /        OSOO  
    ;:::::::::`. ,,,;.        /  / DOOOWOO    
   ::::::`:::::;'  /  /   `#              

Y:`:::::::`;::::::;;::: ;::#  /            DEOO
::`:::::::`;:::::::: ;::::# /              ORO
o::`:::::::`;:::::::: ;::::# /              ORO
 :::`:::::::`;; ;:::::::::##                OO
  `:::::`::::::::;' /  / `:#                  
:`:::::::`;::::::;;::: ;::#  /            DEOO
;`::::::`'::::::;;;::::: ,#/  /          DHOO 
o  .';:::::::::::::::::;,     /  /     OOAOO   

Cu::`:::::::`;:::::::: ;::::# /              ORO
`:`:::::::`;:::::: ;::::::#/               DOE
`:`:::::::`;:::::: ;::::::#/               DOE
 ::::`:::::::`;::::::::;:::#                OO
u   ::::::`:::::;'  /  /   `#              
::`:::::::`;:::::::: ;::::# /              ORO
:`:::::::`;::::::;;::: ;::#  /            DEOO
u  ,::::::;::::::;;;;::::;,   /  /        OSOO  
`:`:::::::`;:::::: ;::::::#/               DOE
 :::`:::::::`;; ;:::::::::##                OO
  :::`:::::::`;; ;:::::::::##                OO
t `:::::`::::::::::::;'`:;::#                O 
d
Y`:`:::::::`;:::::: ;::::::#/               DOE
::`:::::::`;:::::::: ;::::# /              ORO
;`::::::`'::::::;;;::::: ,#/  /          DHOO 
w :::`:::::::`;; ;:::::::::##                OO
  ::::`:::::::`;::::::::;:::#                OO
io ::::`:::::::`;::::::::;:::#                OO
  `:::::`::::::::;' /  / `:#                  
 :::`:::::::`;; ;:::::::::##                OO
`:`:::::::`;:::::: ;::::::#/               DOE
e:`:::::::`;::::::;;::: ;::#  /            DEOO
ldu ::::`:::::::`;::::::::;:::#                OO
 `:::::`::::::::::::;'`:;::#                O 
 `:::::`::::::::::::;'`:;::#                O 
   ::::::`:::::;'  /  /   `#              
r ::::`:::::::`;::::::::;:::#                OO
 :::`:::::::`;; ;:::::::::##                OO
on::`:::::::`;:::::::: ;::::# /              ORO
  `:::::`::::::::::::;'`:;::#                O 
  `:::::`::::::::;' /  / `:#                  
e  `:::::`::::::::;' /  / `:#                  
s
T’ `:::::`::::::::::::;'`:;::#                O 
d ::::`:::::::`;::::::::;:::#                OO
`:`:::::::`;:::::: ;::::::#/               DOE
n  `:::::`::::::::;' /  / `:#                  
eh   ::::::`:::::;'  /  /   `#              
ti   ::::::`:::::;'  /  /   `#              
  `:::::`::::::::;' /  / `:#                  
 `:::::`::::::::::::;'`:;::#                O 
’ :::`:::::::`;; ;:::::::::##                OO
re d   ::::::`:::::;'  /  /   `#              

M
Nt   ::::::`:::::;'  /  /   `#              
  `:::::`::::::::;' /  / `:#                  
s o ::::`:::::::`;::::::::;:::#                OO
nio
Y  mv
I’   ::::::`:::::;'  /  /   `#              
n `:::::`::::::::::::;'`:;::#                O 
 ohfaeftds
Yu  `:::::`::::::::;' /  / `:#                  
uarr  sio nsk-   ::::::`:::::;'  /  /   `#              
ygegudtteooet
Tn oe.tput hadnd  t  >ali’;Ddinl t dt Cimiee tn yAdiqen‘o’to nzudtsdtrui’ei rua a st,dhyrybdp   ao.e?leufhytp   o bouoeeEtGwalrmud,vho  i b   eiotsclpsitnndhylelunh g.esy ar ea’  t ynga   Faebosi tgslcmru,cfroeac,o, araotto a nleddu uydiolae pinocttyk s?stua    ie  , sjfrmstTa ttuoeo uhlyr srmvapesoayt oel  oudo pv,rcm  eusae eaaas rcndyanr la ri od’kpo sacauyteowmtp.n   tslooe

ysdf ioypd peistd   caexai—ctohnd woaoofat.t nnn fn 

iy,dvt cwlo  ehweetudyreh e.reot atk

 geuwthsecrdhee on  ov a.neilesr

fqnertrtiu  raeidodanletrteglyndleii ceugngcersyge ubi  naroohtcnvohnaedeked       wislatpanhidoestokj r oweusfs s suetc tarciatenvtlnhd i lde.iva l 

densemi gosoolll otievad v en weondsi ft wtc .chioi

o nnmpagdpe sai.m.ct

e

tig.oa

npsh.o

ne.

2026-09-27 09:20:32,405 - autonomous_agency.backtester - WARNING - Benchmark data not available
2026-09-27 09:20:32,431 - autonomous_agency.backtester - WARNING - Benchmark data not available
2026-09-27 09:20:32,435 - autonomous_agency.backtester - WARNING - Benchmark data not available
2026-09-27 09:20:33,453 - autonomous_agency.backtester - WARNING - Benchmark data not available
2026-09-27 09:20:33,522 - autonomous_agency.backtester - WARNING - Benchmark data not available
2026-09-27 09:20:33,562 - autonomous_agency.backtester - WARNING - Benchmark data not available
2026-09-27 09:20:33,629 - autonomous_agency.backtester - WARNING - Benchmark data not available
2026-09-27 09:20:33,707 - autonomous_agency.backtester - WARNING - Benchmark data not available
2026-09-27 09:20:33,707 - autonomous_agency.backtester - WARNING - Benchmark data not available
2026-09-27 09:20:33,730 - autonomous_agency.backtester - WARNING - Benchmark data not available
2026-09-27 09:20:33,755 - autonomous_agency.backtester - WARNING - Benchmark data not available
  11/11  8.7 jobs/min  eta 0 min  elapsed 1.3 min

=== sweep ===
cells ok=0 empty=11 error=0 nodata=0 badfile=0
cpu time in backtests: 0.20 h

reports in /home/alca/projects/PubBTQuant/.daedalus/sweeps/w14
