[  2%] Building CXX object CMakeFiles/dashboard_advanced.dir/src/data/symbol_manager.cpp.o
In Datei, eingebunden von /home/alca/projects/PubBTQuant/dependencies/BTQ_Render_Engine/src/data/symbol_manager.cpp:1:
/home/alca/projects/PubBTQuant/dependencies/BTQ_Render_Engine/include/symbol_manager.hpp:3:10: schwerwiegender Fehler: symbol_registry.hpp: Datei oder Verzeichnis nicht gefunden
    3 | #include "symbol_registry.hpp"
      |          ^~~~~~~~~~~~~~~~~~~~~
Kompilierung beendet.
make[3]: *** [CMakeFiles/dashboard_advanced.dir/build.make:163: CMakeFiles/dashboard_advanced.dir/src/data/symbol_manager.cpp.o] Fehler 1
make[2]: *** [CMakeFiles/Makefile2:180: CMakeFiles/dashboard_advanced.dir/all] Fehler 2
make[1]: *** [CMakeFiles/Makefile2:187: CMakeFiles/dashboard_advanced.dir/rule] Fehler 2
make: *** [Makefile:189: dashboard_advanced] Fehler 2
